// Jest Snapshot v1, https://goo.gl/fbAQLP

exports[`should render correctly NavBar component 1`] = `
Object {
  "asFragment": [Function],
  "baseElement": <body>
    <div>
      <header
        class="header"
      >
        <div
          class="navbar-space"
        >
          <nav
            class="space-btw"
          >
            <ul
              class="flex-space"
            >
              <div
                class="left-nav"
              >
                <li>
                  <img
                    alt="logo"
                    class="logo"
                    src="planet.png"
                  />
                </li>
                <li>
                  <h1>
                    Space Travelers' Hub
                  </h1>
                </li>
              </div>
              <div
                class="right-nav"
              >
                <li>
                  <a
                    aria-current="page"
                    class="rockets active"
                    href="/"
                    style="text-decoration: underline;"
                  >
                    Rockets
                  </a>
                </li>
                <li>
                  <a
                    class="missions"
                    href="/missions"
                  >
                    Missions
                  </a>
                </li>
                <li>
                  <a
                    class="categories"
                    href="/myProfile"
                  >
                    My Profile
                  </a>
                </li>
              </div>
            </ul>
          </nav>
        </div>
      </header>
    </div>
  </body>,
  "container": <div>
    <header
      class="header"
    >
      <div
        class="navbar-space"
      >
        <nav
          class="space-btw"
        >
          <ul
            class="flex-space"
          >
            <div
              class="left-nav"
            >
              <li>
                <img
                  alt="logo"
                  class="logo"
                  src="planet.png"
                />
              </li>
              <li>
                <h1>
                  Space Travelers' Hub
                </h1>
              </li>
            </div>
            <div
              class="right-nav"
            >
              <li>
                <a
                  aria-current="page"
                  class="rockets active"
                  href="/"
                  style="text-decoration: underline;"
                >
                  Rockets
                </a>
              </li>
              <li>
                <a
                  class="missions"
                  href="/missions"
                >
                  Missions
                </a>
              </li>
              <li>
                <a
                  class="categories"
                  href="/myProfile"
                >
                  My Profile
                </a>
              </li>
            </div>
          </ul>
        </nav>
      </div>
    </header>
  </div>,
  "debug": [Function],
  "findAllByAltText": [Function],
  "findAllByDisplayValue": [Function],
  "findAllByLabelText": [Function],
  "findAllByPlaceholderText": [Function],
  "findAllByRole": [Function],
  "findAllByTestId": [Function],
  "findAllByText": [Function],
  "findAllByTitle": [Function],
  "findByAltText": [Function],
  "findByDisplayValue": [Function],
  "findByLabelText": [Function],
  "findByPlaceholderText": [Function],
  "findByRole": [Function],
  "findByTestId": [Function],
  "findByText": [Function],
  "findByTitle": [Function],
  "getAllByAltText": [Function],
  "getAllByDisplayValue": [Function],
  "getAllByLabelText": [Function],
  "getAllByPlaceholderText": [Function],
  "getAllByRole": [Function],
  "getAllByTestId": [Function],
  "getAllByText": [Function],
  "getAllByTitle": [Function],
  "getByAltText": [Function],
  "getByDisplayValue": [Function],
  "getByLabelText": [Function],
  "getByPlaceholderText": [Function],
  "getByRole": [Function],
  "getByTestId": [Function],
  "getByText": [Function],
  "getByTitle": [Function],
  "queryAllByAltText": [Function],
  "queryAllByDisplayValue": [Function],
  "queryAllByLabelText": [Function],
  "queryAllByPlaceholderText": [Function],
  "queryAllByRole": [Function],
  "queryAllByTestId": [Function],
  "queryAllByText": [Function],
  "queryAllByTitle": [Function],
  "queryByAltText": [Function],
  "queryByDisplayValue": [Function],
  "queryByLabelText": [Function],
  "queryByPlaceholderText": [Function],
  "queryByRole": [Function],
  "queryByTestId": [Function],
  "queryByText": [Function],
  "queryByTitle": [Function],
  "rerender": [Function],
  "unmount": [Function],
}
`;
